// Jest Snapshot v1, https://goo.gl/fbAQLP

exports[`<Index /> renders correctly 1`] = `
<div
  style={
    Object {
      "backgroundColor": "#EEEEEE",
      "height": 1,
      "width": "100%",
    }
  }
/>
`;
